
> app@0.1.0 build
> prisma generate && next build

node.exe : Loaded Prisma config from prisma.config.ts.
No linha:1 caractere:1
+ & "C:\Program Files\nodejs/node.exe" 
"C:\Users\Usuario\AppData\Roamin ...
+ ~~~~~~~~~~~~~~~~~~~~~~~~~~~~~~~~~~~~~~~~~~~~~~~~~~~~~~~
~~~~~~~~~~~~~~
    + CategoryInfo          : NotSpecified: (Loaded Pris 
   ma c...isma.config.ts.:String) [], RemoteException
    + FullyQualifiedErrorId : NativeCommandError
 

Prisma schema loaded from prisma\schema.prisma.

Ô£ö Generated Prisma Client (v7.6.0) to .\node_modules\@prisma\client in 132ms

Start by importing your Prisma Client (See: https://pris.ly/d/importing-client)


   Ôû▓ Next.js 15.1.0
   - Environments: .env
   - Experiments (use with caution):
     ┬À optimizeCss

   Creating an optimized production build ...
 Ô£ô Compiled successfully
   Linting and checking validity of types ...

./src/app/api/ai/analyze/route.ts
66:19  Warning: Unexpected any. Specify a different type.  @typescript-eslint/no-explicit-any

./src/app/api/ai/generate/route.ts
29:19  Warning: Unexpected any. Specify a different type.  @typescript-eslint/no-explicit-any
53:19  Warning: Unexpected any. Specify a different type.  @typescript-eslint/no-explicit-any

./src/app/api/checkout/route.ts
126:19  Warning: Unexpected any. Specify a different type.  @typescript-eslint/no-explicit-any
167:19  Warning: Unexpected any. Specify a different type.  @typescript-eslint/no-explicit-any

./src/app/api/checkout/verify/route.ts
73:50  Warning: Unexpected any. Specify a different type.  @typescript-eslint/no-explicit-any
160:19  Warning: Unexpected any. Specify a different type.  @typescript-eslint/no-explicit-any

./src/app/api/companies/search/route.ts
52:19  Warning: Unexpected any. Specify a different type.  @typescript-eslint/no-explicit-any

./src/app/api/negotiations/route.ts
54:19  Warning: Unexpected any. Specify a different type.  @typescript-eslint/no-explicit-any
95:19  Warning: Unexpected any. Specify a different type.  @typescript-eslint/no-explicit-any
133:19  Warning: Unexpected any. Specify a different type.  @typescript-eslint/no-explicit-any

./src/app/api/portal/route.ts
51:19  Warning: Unexpected any. Specify a different type.  @typescript-eslint/no-explicit-any

./src/app/api/webhook/stripe/route.ts
47:17  Warning: Unexpected any. Specify a different type.  @typescript-eslint/no-explicit-any
52:40  Warning: Unexpected any. Specify a different type.  @typescript-eslint/no-explicit-any
116:46  Warning: Unexpected any. Specify a different type.  @typescript-eslint/no-explicit-any
120:55  Warning: Unexpected any. Specify a different type.  @typescript-eslint/no-explicit-any
196:49  Warning: Unexpected any. Specify a different type.  @typescript-eslint/no-explicit-any
209:49  Warning: Unexpected any. Specify a different type.  @typescript-eslint/no-explicit-any
220:19  Warning: Unexpected any. Specify a different type.  @typescript-eslint/no-explicit-any

./src/app/dashboard/configuracoes/page.tsx
5:62  Warning: 'Mail' is defined but never used.  @typescript-eslint/no-unused-vars
180:19  Warning: Unexpected any. Specify a different type.  @typescript-eslint/no-explicit-any
201:19  Warning: Unexpected any. Specify a different type.  @typescript-eslint/no-explicit-any
311:19  Warning: Using `<img>` could result in slower LCP and higher bandwidth. Consider using `<Image />` from `next/image` or a custom image loader to automatically optimize images. This may incur additional usage or cost from your provider. See: https://nextjs.org/docs/messages/no-img-element  @next/next/no-img-element

./src/app/dashboard/gerador/page.tsx
4:18  Warning: 'AnimatePresence' is defined but never used.  @typescript-eslint/no-unused-vars
27:3  Warning: 'AlertCircle' is defined but never used.  @typescript-eslint/no-unused-vars
28:3  Warning: 'Clock' is defined but never used.  @typescript-eslint/no-unused-vars
29:3  Warning: 'ArrowUpDown' is defined but never used.  @typescript-eslint/no-unused-vars
33:3  Warning: 'Check' is defined but never used.  @typescript-eslint/no-unused-vars
40:82  Warning: Unexpected any. Specify a different type.  @typescript-eslint/no-explicit-any
103:39  Warning: 'isAnyLoading' is assigned a value but never used.  @typescript-eslint/no-unused-vars
123:48  Warning: Unexpected any. Specify a different type.  @typescript-eslint/no-explicit-any
198:25  Warning: Unexpected any. Specify a different type.  @typescript-eslint/no-explicit-any

./src/app/dashboard/negociacoes/page.tsx
8:3  Warning: 'Filter' is defined but never used.  @typescript-eslint/no-unused-vars
35:9  Warning: 'router' is assigned a value but never used.  @typescript-eslint/no-unused-vars
36:52  Warning: Unexpected any. Specify a different type.  @typescript-eslint/no-explicit-any
145:38  Warning: Unexpected any. Specify a different type.  @typescript-eslint/no-explicit-any

./src/app/login/page.tsx
6:17  Warning: 'signup' is defined but never used.  @typescript-eslint/no-unused-vars

./src/app/register/actions.ts
42:17  Warning: Unexpected any. Specify a different type.  @typescript-eslint/no-explicit-any
43:18  Warning: Unexpected any. Specify a different type.  @typescript-eslint/no-explicit-any
140:21  Warning: Unexpected any. Specify a different type.  @typescript-eslint/no-explicit-any

./src/app/register/page.tsx
4:41  Warning: 'useCallback' is defined but never used.  @typescript-eslint/no-unused-vars
6:62  Warning: 'Search' is defined but never used.  @typescript-eslint/no-unused-vars
21:9  Warning: 'router' is assigned a value but never used.  @typescript-eslint/no-unused-vars

./src/lib/ai/vector-store.ts
9:13  Warning: Unexpected any. Specify a different type.  @typescript-eslint/no-explicit-any
50:13  Warning: Unexpected any. Specify a different type.  @typescript-eslint/no-explicit-any

./src/lib/billing/stripe.ts
9:38  Warning: Unexpected any. Specify a different type.  @typescript-eslint/no-explicit-any

./src/lib/email/EmailService.ts
22:66  Warning: Unexpected any. Specify a different type.  @typescript-eslint/no-explicit-any
57:15  Warning: Unexpected any. Specify a different type.  @typescript-eslint/no-explicit-any
81:64  Warning: Unexpected any. Specify a different type.  @typescript-eslint/no-explicit-any

./src/lib/email/templates/EmailTemplates.tsx
128:13  Warning: Using `<img>` could result in slower LCP and higher bandwidth. Consider using `<Image />` from `next/image` or a custom image loader to automatically optimize images. This may incur additional usage or cost from your provider. See: https://nextjs.org/docs/messages/no-img-element  @next/next/no-img-element
170:13  Warning: Using `<img>` could result in slower LCP and higher bandwidth. Consider using `<Image />` from `next/image` or a custom image loader to automatically optimize images. This may incur additional usage or cost from your provider. See: https://nextjs.org/docs/messages/no-img-element  @next/next/no-img-element
212:13  Warning: Using `<img>` could result in slower LCP and higher bandwidth. Consider using `<Image />` from `next/image` or a custom image loader to automatically optimize images. This may incur additional usage or cost from your provider. See: https://nextjs.org/docs/messages/no-img-element  @next/next/no-img-element

./src/lib/hooks/useAsyncState.ts
28:47  Warning: Unexpected any. Specify a different type.  @typescript-eslint/no-explicit-any
86:67  Warning: Unexpected any. Specify a different type.  @typescript-eslint/no-explicit-any
86:85  Warning: Unexpected any. Specify a different type.  @typescript-eslint/no-explicit-any
90:34  Warning: Unexpected any. Specify a different type.  @typescript-eslint/no-explicit-any
95:15  Warning: Unexpected any. Specify a different type.  @typescript-eslint/no-explicit-any

./src/lib/hooks/useDebounce.ts
45:58  Warning: Unexpected any. Specify a different type.  @typescript-eslint/no-explicit-any
45:68  Warning: Unexpected any. Specify a different type.  @typescript-eslint/no-explicit-any

./src/lib/prisma.ts
8:18  Warning: A `require()` style import is forbidden.  @typescript-eslint/no-require-imports
36:34  Warning: Unexpected any. Specify a different type.  @typescript-eslint/no-explicit-any

./src/lib/utils/optimizations.ts
1:25  Warning: 'useCallback' is defined but never used.  @typescript-eslint/no-unused-vars
17:61  Warning: Unexpected any. Specify a different type.  @typescript-eslint/no-explicit-any
35:9  Warning: Unexpected any. Specify a different type.  @typescript-eslint/no-explicit-any
38:48  Warning: React Hook useMemo has a missing dependency: 'filterFn'. Either include it or remove the dependency array.  react-hooks/exhaustive-deps
38:56  Warning: React Hook useMemo has a spread element in its dependency array. This means we can't statically verify whether you've passed the correct dependencies.  react-hooks/exhaustive-deps
51:3  Warning: Do not assign to the variable `module`. See: https://nextjs.org/docs/messages/no-assign-module-variable  @next/next/no-assign-module-variable
62:27  Warning: Unexpected any. Specify a different type.  @typescript-eslint/no-explicit-any
65:5  Warning: Use "@ts-expect-error" instead of "@ts-ignore", as "@ts-ignore" will do nothing if the following line is error-free.  @typescript-eslint/ban-ts-comment
85:46  Warning: Unexpected any. Specify a different type.  @typescript-eslint/no-explicit-any
85:56  Warning: Unexpected any. Specify a different type.  @typescript-eslint/no-explicit-any
90:26  Warning: Unexpected any. Specify a different type.  @typescript-eslint/no-explicit-any
107:46  Warning: Unexpected any. Specify a different type.  @typescript-eslint/no-explicit-any
107:56  Warning: Unexpected any. Specify a different type.  @typescript-eslint/no-explicit-any
112:26  Warning: Unexpected any. Specify a different type.  @typescript-eslint/no-explicit-any
157:25  Warning: Unexpected any. Specify a different type.  @typescript-eslint/no-explicit-any
159:49  Warning: Unexpected any. Specify a different type.  @typescript-eslint/no-explicit-any
164:48  Warning: Unexpected any. Specify a different type.  @typescript-eslint/no-explicit-any
164:57  Warning: Unexpected any. Specify a different type.  @typescript-eslint/no-explicit-any
194:45  Warning: Unexpected any. Specify a different type.  @typescript-eslint/no-explicit-any
194:55  Warning: Unexpected any. Specify a different type.  @typescript-eslint/no-explicit-any
200:26  Warning: Unexpected any. Specify a different type.  @typescript-eslint/no-explicit-any

./src/scripts/run-e2e-test.ts
34:14  Warning: 'e' is defined but never used.  @typescript-eslint/no-unused-vars
86:19  Warning: Unexpected any. Specify a different type.  @typescript-eslint/no-explicit-any

./src/scripts/verify-platform.ts
12:31  Warning: Unexpected any. Specify a different type.  @typescript-eslint/no-explicit-any
38:11  Warning: 'customers' is assigned a value but never used.  @typescript-eslint/no-unused-vars
49:42  Warning: Unexpected any. Specify a different type.  @typescript-eslint/no-explicit-any
64:12  Warning: 'e' is defined but never used.  @typescript-eslint/no-unused-vars

info  - Need to disable some ESLint rules? Learn more here: https://nextjs.org/docs/app/api-reference/config/eslint#disabling-rules
   Collecting page data ...
   Generating static pages (0/21) ...
   Generating static pages (5/21) 
Error occurred prerendering page "/404". Read more: 
https://nextjs.org/docs/messages/prerender-error
Error: Cannot find module 'critters'
Require stack:
- C:\Users\Usuario\Documents\GitHub\PactoAgil\node_module
s\next\dist\compiled\next-server\pages.runtime.prod.js
- C:\Users\Usuario\Documents\GitHub\PactoAgil\.next\serve
r\pages\_document.js
- C:\Users\Usuario\Documents\GitHub\PactoAgil\node_module
s\next\dist\server\require.js
- C:\Users\Usuario\Documents\GitHub\PactoAgil\node_module
s\next\dist\server\load-components.js
- C:\Users\Usuario\Documents\GitHub\PactoAgil\node_module
s\next\dist\build\utils.js
- C:\Users\Usuario\Documents\GitHub\PactoAgil\node_module
s\next\dist\build\worker.js
- C:\Users\Usuario\Documents\GitHub\PactoAgil\node_module
s\next\dist\compiled\jest-worker\processChild.js
    at Module.<anonymous> 
(node:internal/modules/cjs/loader:1420:15)
    at C:\Users\Usuario\Documents\GitHub\PactoAgil\node_m
odules\next\dist\server\require-hook.js:55:36
    at defaultResolveImpl 
(node:internal/modules/cjs/loader:1058:19)
    at resolveForCJSWithHooks 
(node:internal/modules/cjs/loader:1063:22)
    at Module._load 
(node:internal/modules/cjs/loader:1226:37)
    at TracingChannel.traceSync 
(node:diagnostics_channel:328:14)
    at wrapModuleLoad 
(node:internal/modules/cjs/loader:244:24)
    at Module.<anonymous> 
(node:internal/modules/cjs/loader:1503:12)
    at mod.require (C:\Users\Usuario\Documents\GitHub\Pac
toAgil\node_modules\next\dist\server\require-hook.js:65:2
8)
    at require (node:internal/modules/helpers:152:16)
Export encountered an error on /_error: /404, exiting 
the build.
 Ô¿» Static worker exited with code: 1 and signal: null
